
> meals-on-the-way@0.1.0 build
> react-scripts build

Creating an optimized production build...
Browserslist: browsers data (caniuse-lite) is 7 months old. Please run:
  npx update-browserslist-db@latest
  Why you should do it regularly: https://github.com/browserslist/update-db#readme
Failed to compile.

Module not found: Error: Can't resolve '../src/components/Services.js/slider1.jpeg' in 'C:\Users\Yash Naik\Mealsontheway\meals-on-the-way\src\components'


